2026-05-15 17:50:10,108 [INFO] [SIM] MG92B 서보 시뮬레이션 모드 (GPIO 23)
2026-05-15 17:50:10,109 [INFO] 주기적 서보 공급 완전 중단, 0도 복귀
2026-05-15 17:50:10,109 [INFO] MG92B 서보 정리 완료
2026-05-15 17:50:10,109 [INFO] [SIM] MG92B 서보 시뮬레이션 모드 (GPIO 23)
2026-05-15 17:50:10,109 [INFO] 서보 공급 시작: 0도 -> 90도
2026-05-15 17:50:10,210 [INFO] 서보 복귀: 90도 -> 0도
2026-05-15 17:50:10,210 [INFO] 서보 공급 완료
2026-05-15 17:50:10,210 [INFO] [SIM] MG92B 서보 시뮬레이션 모드 (GPIO 23)
2026-05-15 17:50:10,212 [INFO] 주기적 서보 공급 시작 (간격=0.5s, 각도=90도, 유지=0.1s)
2026-05-15 17:50:10,212 [INFO] 서보 공급 시작: 0도 -> 90도
2026-05-15 17:50:10,315 [INFO] 서보 복귀: 90도 -> 0도
2026-05-15 17:50:10,315 [INFO] 서보 공급 완료
2026-05-15 17:50:10,823 [INFO] 서보 공급 시작: 0도 -> 90도
2026-05-15 17:50:10,924 [INFO] 서보 복귀: 90도 -> 0도
2026-05-15 17:50:10,925 [INFO] 서보 공급 완료
2026-05-15 17:50:11,432 [INFO] 서보 공급 시작: 0도 -> 90도
2026-05-15 17:50:11,532 [INFO] 서보 복귀: 90도 -> 0도
2026-05-15 17:50:11,532 [INFO] 서보 공급 완료
2026-05-15 17:50:11,713 [INFO] 주기적 서보 공급 중단
2026-05-15 17:50:11,713 [INFO] 주기적 서보 공급 완전 중단, 0도 복귀
2026-05-15 17:50:11,713 [INFO] [SIM] MG92B 서보 시뮬레이션 모드 (GPIO 23)
2026-05-15 17:50:11,713 [INFO] [SIM] RX-9 Simple 시뮬레이션 모드
2026-05-15 17:50:11,713 [INFO] [SIM] RX-9 Simple 시뮬레이션 모드
2026-05-15 17:50:11,713 [INFO] [SIM] AS7262 시뮬레이션 모드
2026-05-15 17:50:11,713 [INFO] [SIM] DHT11 시뮬레이션 모드
2026-05-15 17:50:11,713 [INFO] [SIM] RX-9 Simple 시뮬레이션 모드
2026-05-15 17:50:11,713 [INFO] [SIM] RX-9 Simple 시뮬레이션 모드
2026-05-15 17:50:11,713 [INFO] [SIM] DHT11 시뮬레이션 모드
2026-05-15 17:50:11,713 [INFO] [SIM] ADS1015 시뮬레이션 모드
2026-05-15 17:50:11,713 [INFO] [SIM] RX-9 Simple 시뮬레이션 모드
2026-05-15 17:50:11,713 [INFO] [SIM] AS7262 시뮬레이션 모드
2026-05-15 17:50:11,725 [INFO] [SIM] ADS1015 시뮬레이션 모드
2026-05-15 17:50:11,725 [INFO] [SIM] ADS1015 시뮬레이션 모드
2026-05-15 17:52:43,294 [INFO] [SIM] DHT11 시뮬레이션 모드
2026-05-15 17:52:43,304 [INFO] [SIM] AS7262 시뮬레이션 모드
2026-05-15 17:52:43,304 [INFO] [SIM] SensorManager 시뮬레이션 모드
2026-05-15 17:53:53,599 [INFO] [SIM] TemperatureController 시뮬레이션 모드
2026-05-15 17:53:53,600 [INFO] [SIM] TemperatureController 시뮬레이션 모드
2026-05-15 17:53:53,600 [INFO] [SIM] TemperatureController 시뮬레이션 모드
2026-05-15 17:53:53,600 [ERROR] TemperatureController temp_air 누락: 제어 생략
2026-05-15 17:53:53,600 [INFO] [SIM] TemperatureController 시뮬레이션 모드
2026-05-15 17:54:08,170 [INFO] [SIM] DHT11 시뮬레이션 모드
2026-05-15 17:54:08,170 [INFO] [SIM] AS7262 시뮬레이션 모드
2026-05-15 17:54:08,170 [INFO] [SIM] SensorManager 시뮬레이션 모드
2026-05-15 17:54:08,170 [INFO] [SIM] TemperatureController 시뮬레이션 모드
2026-05-15 17:59:23,840 [INFO] [SIM] XBee 시뮬레이션 모드
2026-05-15 17:59:23,840 [WARNING] XBee 패킷 손실 감지: expected=11, got=13, lost=2, total_lost=2
2026-05-15 17:59:23,842 [INFO] [SIM] XBee 시뮬레이션 모드
2026-05-15 17:59:23,842 [INFO] [SIM] XBee 시뮬레이션 모드
2026-05-15 18:03:51,187 [INFO] [MOCK] MockSensorManager 초기화 (period=0.5s)
